\BOOKMARK [1][-]{section.1}{\376\377\116\000\060\001\000\040\225\356\230\230\221\315\217\360\116\016\122\006\147\220}{}% 1
\BOOKMARK [2][-]{subsection.1.1}{\376\377\0001\000.\0001\000\040\225\356\230\230\200\314\146\157}{section.1}% 2
\BOOKMARK [2][-]{subsection.1.2}{\376\377\0001\000.\0002\000\040\126\333\225\356\166\204\117\341\140\157\176\323\147\204\116\016\211\201\154\102}{section.1}% 3
\BOOKMARK [2][-]{subsection.1.3}{\376\377\0001\000.\0003\000\040\176\337\116\000\150\106\147\266\116\016\150\070\137\303\221\317}{section.1}% 4
\BOOKMARK [2][-]{subsection.1.4}{\376\377\0001\000.\0004\000\040\145\160\143\156\131\004\164\006\116\016\121\163\225\056\176\337\213\241}{section.1}% 5
\BOOKMARK [1][-]{section.2}{\376\377\116\214\060\001\000\040\152\041\127\213\120\107\213\276\116\016\173\046\123\367\213\364\146\016}{}% 6
\BOOKMARK [2][-]{subsection.2.1}{\376\377\0002\000.\0001\000\040\152\041\127\213\120\107\213\276}{section.2}% 7
\BOOKMARK [2][-]{subsection.2.2}{\376\377\0002\000.\0002\000\040\173\046\123\367\213\364\146\016}{section.2}% 8
\BOOKMARK [2][-]{subsection.2.3}{\376\377\0002\000.\0003\000\040\121\161\124\014\162\151\164\006\152\041\127\213}{section.2}% 9
\BOOKMARK [2][-]{subsection.2.4}{\376\377\0002\000.\0004\000\040\121\161\124\014\152\041\127\213\166\204\116\011\147\141\176\323\147\204\140\047\215\050}{section.2}% 10
\BOOKMARK [1][-]{section.3}{\376\377\116\011\060\001\000\040\225\356\230\230\0001\377\032\133\214\121\150\117\341\140\157\116\013\166\204\145\345\213\241\122\022\215\055\165\065\152\041\127\213}{}% 11
\BOOKMARK [2][-]{subsection.3.1}{\376\377\0003\000.\0001\000\040\152\041\127\213\136\372\172\313}{section.3}% 12
\BOOKMARK [2][-]{subsection.3.2}{\376\377\0003\000.\0002\000\040\152\041\127\213\140\047\215\050\116\016\147\000\117\030\213\241\122\022\176\323\147\204}{section.3}% 13
\BOOKMARK [2][-]{subsection.3.3}{\376\377\0003\000.\0003\000\040\154\102\211\343\176\323\147\234}{section.3}% 14
\BOOKMARK [2][-]{subsection.3.4}{\376\377\0003\000.\0004\000\040\160\165\145\117\136\246\122\006\147\220}{section.3}% 15
\BOOKMARK [1][-]{section.4}{\376\377\126\333\060\001\000\040\225\356\230\230\0002\377\032\230\204\155\113\116\015\170\156\133\232\116\013\166\204\116\044\226\066\153\265\215\055\165\065\152\041\127\213}{}% 16
\BOOKMARK [2][-]{subsection.4.1}{\376\377\0004\000.\0001\000\040\117\341\140\157\176\323\147\204\116\016\121\263\173\126\145\366\136\217}{section.4}% 17
\BOOKMARK [2][-]{subsection.4.2}{\376\377\0004\000.\0002\000\040\173\054\116\000\134\102\377\032\145\345\122\115\230\204\155\113\116\016\121\263\173\126\133\374\124\021\213\304\116\367}{section.4}% 18
\BOOKMARK [2][-]{subsection.4.3}{\376\377\0004\000.\0003\000\040\173\054\116\214\134\102\377\032\133\211\121\150\210\325\136\246\152\041\127\213\116\016\150\007\133\232}{section.4}% 19
\BOOKMARK [2][-]{subsection.4.4}{\376\377\0004\000.\0004\000\040\210\325\136\246\166\204\164\006\213\272\123\072\225\364\377\032\142\245\172\345\152\041\127\213\211\343\221\312}{section.4}% 20
\BOOKMARK [2][-]{subsection.4.5}{\376\377\0004\000.\0005\000\040\133\371\161\147\152\041\127\213}{section.4}% 21
\BOOKMARK [2][-]{subsection.4.6}{\376\377\0004\000.\0006\000\040\145\345\124\150\147\037\217\271\165\114\116\016\120\250\200\375\142\147\210\114\211\304\122\031}{section.4}% 22
\BOOKMARK [2][-]{subsection.4.7}{\376\377\0004\000.\0007\000\040\154\102\211\343\176\323\147\234}{section.4}% 23
\BOOKMARK [1][-]{section.5}{\376\377\116\224\060\001\000\040\225\356\230\230\0003\377\032\131\032\226\066\153\265\230\204\142\245\146\364\145\260\116\016\116\330\215\071\214\003\145\164\152\041\127\213}{}% 24
\BOOKMARK [2][-]{subsection.5.1}{\376\377\0005\000.\0001\000\040\147\072\122\066\116\016\215\071\165\050\121\375\145\160}{section.5}% 25
\BOOKMARK [2][-]{subsection.5.2}{\376\377\0005\000.\0002\000\040\156\332\122\250\145\366\127\337\221\315\117\030\123\026\152\041\127\213}{section.5}% 26
\BOOKMARK [2][-]{subsection.5.3}{\376\377\0005\000.\0003\000\040\164\006\213\272\122\006\147\220}{section.5}% 27
\BOOKMARK [2][-]{subsection.5.4}{\376\377\0005\000.\0004\000\040\230\204\142\245\174\276\136\246\116\016\117\356\213\242\136\105\136\246}{section.5}% 28
\BOOKMARK [2][-]{subsection.5.5}{\376\377\0005\000.\0005\000\040\154\102\211\343\176\323\147\234\116\016\173\126\165\145\133\371\153\324}{section.5}% 29
\BOOKMARK [2][-]{subsection.5.6}{\376\377\0005\000.\0006\000\040\146\057\124\046\227\000\211\201\137\025\121\145\121\166\116\326\145\366\122\073\166\204\230\204\142\245}{section.5}% 30
\BOOKMARK [1][-]{section.6}{\376\377\121\155\060\001\000\040\225\356\230\230\0004\377\032\154\342\122\250\165\065\116\367\116\013\166\204\215\055\165\065\152\041\127\213}{}% 31
\BOOKMARK [2][-]{subsection.6.1}{\376\377\0006\000.\0001\000\040\165\065\116\367\162\171\137\201\116\016\230\204\155\113}{section.6}% 32
\BOOKMARK [2][-]{subsection.6.2}{\376\377\0006\000.\0002\000\040\152\041\127\213\136\372\172\313}{section.6}% 33
\BOOKMARK [2][-]{subsection.6.3}{\376\377\0006\000.\0003\000\040\116\367\150\074\116\016\227\000\154\102\153\143\166\370\121\163\116\013\213\241\122\022\122\006\117\115\160\271\166\204\171\373\122\250}{section.6}% 34
\BOOKMARK [2][-]{subsection.6.4}{\376\377\0006\000.\0004\000\040\154\102\211\343\176\323\147\234\116\016\133\371\153\324}{section.6}% 35
\BOOKMARK [1][-]{section.7}{\376\377\116\003\060\001\000\040\150\070\137\303\121\154\137\017\154\107\140\073}{}% 36
\BOOKMARK [1][-]{section.8}{\376\377\121\153\060\001\000\040\152\041\127\213\150\300\232\214\116\016\160\165\145\117\136\246\122\006\147\220}{}% 37
\BOOKMARK [2][-]{subsection.8.1}{\376\377\0008\000.\0001\000\040\162\354\172\313\232\214\173\227}{section.8}% 38
\BOOKMARK [2][-]{subsection.8.2}{\376\377\0008\000.\0002\000\040\160\165\145\117\136\246\122\006\147\220}{section.8}% 39
\BOOKMARK [2][-]{subsection.8.3}{\376\377\0008\000.\0003\000\040\172\063\120\145\140\047\116\016\123\343\137\204\213\250\213\272}{section.8}% 40
\BOOKMARK [1][-]{section.9}{\376\377\116\135\060\001\000\040\152\041\127\213\213\304\116\367\116\016\143\250\136\177}{}% 41
\BOOKMARK [2][-]{subsection.9.1}{\376\377\0009\000.\0001\000\040\152\041\127\213\117\030\160\271}{section.9}% 42
\BOOKMARK [2][-]{subsection.9.2}{\376\377\0009\000.\0002\000\040\152\041\127\213\116\015\215\263}{section.9}% 43
\BOOKMARK [2][-]{subsection.9.3}{\376\377\0009\000.\0003\000\040\152\041\127\213\143\250\136\177}{section.9}% 44
\BOOKMARK [1][-]{appendix.A}{\376\377\226\104\137\125\000A\000\040\145\057\144\221\147\120\145\231\145\207\116\366\122\027\210\150}{}% 45
\BOOKMARK [1][-]{appendix.B}{\376\377\226\104\137\125\000B\000\040\156\220\172\013\136\217\116\343\170\001}{}% 46
