\BOOKMARK [1][]{section.1}{\376\377\116\000\060\001\000\040\225\356\230\230\221\315\217\360}{}% 1
\BOOKMARK [2][]{subsection.1.1}{\376\377\0001\000.\0001\000\040\225\356\230\230\200\314\146\157}{section.1}% 2
\BOOKMARK [2][]{subsection.1.2}{\376\377\0001\000.\0002\000\040\225\356\230\230\143\320\121\372}{section.1}% 3
\BOOKMARK [1][]{section.2}{\376\377\116\214\060\001\000\040\225\356\230\230\122\006\147\220}{}% 4
\BOOKMARK [2][]{subsection.2.1}{\376\377\0002\000.\0001\000\040\140\073\117\123\140\035\215\357}{section.2}% 5
\BOOKMARK [2][]{subsection.2.2}{\376\377\0002\000.\0002\000\040\225\356\230\230\0001\122\006\147\220}{section.2}% 6
\BOOKMARK [1][]{section.3}{\376\377\116\011\060\001\000\040\152\041\127\213\120\107\213\276}{}% 7
\BOOKMARK [1][]{section.4}{\376\377\126\333\060\001\000\040\173\046\123\367\213\364\146\016}{}% 8
\BOOKMARK [1][]{section.5}{\376\377\116\224\060\001\000\040\152\041\127\213\166\204\136\372\172\313\116\016\154\102\211\343}{}% 9
\BOOKMARK [2][]{subsection.5.1}{\376\377\0005\000.\0001\000\040\225\356\230\230\0001\166\204\152\041\127\213\136\372\172\313\116\016\154\102\211\343}{section.5}% 10
\BOOKMARK [2][]{subsection.5.2}{\376\377\0005\000.\0002\000\040\150\070\137\303\121\154\137\017\154\107\140\073\116\016\136\372\152\041\140\035\215\357\126\336\230\176}{section.5}% 11
\BOOKMARK [2][]{subsection.5.3}{\376\377\0005\000.\0003\000\040\173\227\154\325\116\016\136\372\152\041\123\357\210\114\140\047\122\006\147\220}{section.5}% 12
\BOOKMARK [1][]{section.6}{\376\377\121\155\060\001\000\040\152\041\127\213\150\300\232\214}{}% 13
\BOOKMARK [2][]{subsection.6.1}{\376\377\0006\000.\0001\000\040\213\357\135\356\122\006\147\220}{section.6}% 14
\BOOKMARK [2][]{subsection.6.2}{\376\377\0006\000.\0002\000\040\145\117\141\037\140\047\122\006\147\220}{section.6}% 15
\BOOKMARK [1][]{section.7}{\376\377\116\003\060\001\000\040\152\041\127\213\213\304\116\367\116\016\145\071\217\333}{}% 16
\BOOKMARK [2][]{subsection.7.1}{\376\377\0007\000.\0001\000\040\152\041\127\213\117\030\160\271}{section.7}% 17
\BOOKMARK [2][]{subsection.7.2}{\376\377\0007\000.\0002\000\040\152\041\127\213\177\072\160\271}{section.7}% 18
\BOOKMARK [2][]{subsection.7.3}{\376\377\0007\000.\0003\000\040\152\041\127\213\145\071\217\333\116\016\143\250\136\177}{section.7}% 19
\BOOKMARK [1][]{section*.4}{\376\377\123\302\200\003\145\207\163\056}{}% 20
\BOOKMARK [1][]{appendix.1.A}{\376\377\226\104\137\125\000\040\000A\000\040\116\073\211\201\156\220\172\013\136\217\156\005\123\125}{}% 21
